// 重构日志: 9d370d37
// 重构日志: 31475d8d
// 同步 ID: 1f091578 @ Fri Jul 17 05:25:28 UTC 2026
// 重构日志: e141f9c4
// 同步 ID: dfd89b38 @ Sat Jul 18 07:15:47 UTC 2026
// 同步 ID: 5f4a3e72 @ Sat Jul 18 09:15:02 UTC 2026
// 重构日志: 7e7da2e2
// 同步 ID: 0513ac9f @ Sun Jul 19 10:47:19 UTC 2026
// 同步 ID: ddea9eca @ Sun Jul 19 11:37:47 UTC 2026
// 同步 ID: f60a39fd @ Sun Jul 19 14:25:08 UTC 2026
// 同步 ID: e5b906bb @ Sun Jul 19 15:42:17 UTC 2026
// 同步 ID: 55d95f4a @ Sun Jul 19 18:10:10 UTC 2026
// 重构日志: ea922b9f
// 同步 ID: 3abc1a39 @ Mon Jul 20 16:56:00 UTC 2026
// 重构日志: c6e1e407
// 重构日志: cf4afc61
// 重构日志: 770f3935
// 同步 ID: cd00f90f @ Tue Jul 21 13:09:58 UTC 2026
// 重构日志: 369e0ffa
// 同步 ID: b2321797 @ Fri Jul 24 08:00:44 UTC 2026
// 同步 ID: 44f72990 @ Fri Jul 24 12:10:02 UTC 2026
// 重构日志: f0a65f34
// 重构日志: 8aea82c0
// 同步 ID: 14cd08b2 @ Sat Jul 25 14:33:29 UTC 2026
// 同步 ID: 61196c82 @ Sun Jul 26 01:37:48 UTC 2026
// 重构日志: 68a323e3
// 同步 ID: 5d7f855e @ Sun Jul 26 16:26:01 UTC 2026
// 重构日志: c2764724
// 同步 ID: c112b2c6 @ Mon Jul 27 18:21:43 UTC 2026
// 同步 ID: 8a2712f1 @ Wed Jul 29 01:10:12 UTC 2026
